environment -> /tmp/hekatus-63-probe-a1/env-20261003T022136Z.json
2026-10-03 02:21:37.793 | DEBUG    | ttnn:<module>:79 - Initial ttnn.CONFIG:
Config{cache_path=/root/.cache/ttnn,model_cache_path=/root/.cache/ttnn/models,tmp_dir=/tmp/ttnn,enable_model_cache=false,enable_fast_runtime_mode=true,throw_exception_on_fallback=false,enable_logging=false,enable_graph_report=false,enable_graph_python_stack_traces=false,enable_detailed_buffer_report=false,enable_detailed_tensor_report=false,enable_comparison_mode=false,comparison_mode_should_raise_exception=false,comparison_mode_pcc=0.9999,root_report_path=generated/ttnn/reports,report_name=std::nullopt,std::nullopt}
2026-10-03 02:21:37.855 | info     |          Device | Opening user mode device driver (tt_cluster.cpp:228)
2026-10-03 02:21:37.855 | info     |             UMD | Cluster constructor started. (cluster.cpp:348)
2026-10-03 02:21:37.855 | info     |             UMD | Creating TopologyDiscovery for architecture: blackhole (topology_discovery.cpp:95)
2026-10-03 02:21:37.855 | info     |             UMD | Starting topology discovery. (topology_discovery.cpp:114)
2026-10-03 02:21:37.859 | info     |             UMD | Established firmware bundle version: 19.6.0 (topology_discovery.cpp:574)
2026-10-03 02:21:37.859 | info     |             UMD | Completed topology discovery. (topology_discovery.cpp:118)
2026-10-03 02:21:37.914 | warning  |             UMD | hwloc_set_area_membind(): failed for physical_device_id: 0 on NodeSet: [0] with errno: Operation not permitted (pid: 1 tid: 124392561682240) (cpuset_lib.cpp:440)
2026-10-03 02:21:37.914 | warning  |             UMD | ---- ttSiliconDevice::init_hugepage: bind_area_to_memory_nodeset() failed (physical_device_id: 0 ch: 0). Hugepage allocation is not on NumaNode matching TT Device. Side-Effect is decreased Device->Host perf (Issue #893). (silicon_sysmem_manager.cpp:271)
2026-10-03 02:21:37.914 | info     |             UMD | Opening local chip ids/PCIe ids: {0}/[0] and remote chip ids {} (cluster.cpp:168)
2026-10-03 02:21:37.914 | info     |             UMD | IOMMU: disabled (cluster.cpp:142)
2026-10-03 02:21:37.914 | info     |             UMD | KMD version: 2.11.0 (cluster.cpp:145)
2026-10-03 02:21:37.914 | info     |             UMD | Cluster constructor completed. (cluster.cpp:544)
2026-10-03 02:21:37.915 | info     |             UMD | Starting devices in cluster (cluster.cpp:1048)
2026-10-03 02:21:38.005 | info     |             UMD | Starting devices in cluster completed. (cluster.cpp:1056)
2026-10-03 02:21:38.090 | info     |     Distributed | Using auto discovery to generate mesh graph. (metal_env.cpp:405)
2026-10-03 02:21:38.090 | info     |     Distributed | Constructing control plane using auto-discovery (no mesh graph descriptor). (metal_env.cpp:467)
2026-10-03 02:21:38.090 | warning  |          Always | Unknown motherboard 'TUF GAMING Z790-PLUS WIFI D4' for chip_id=0 (bus_id=0x6) — falling back to bus_id as tray_id. Add this motherboard and its bus IDs to mobo_to_bus_ids in physical_system_discovery.cpp. (physical_system_discovery.cpp:112)
2026-10-03 02:21:38.090 | info     |          Fabric | Logical multi-mesh adjacency: intermesh degree histogram {0:1}; intra-mesh degree histograms mesh0 {0:1} (topology_mapper_utils.cpp:2452)
2026-10-03 02:21:38.090 | info     |          Fabric | Physical multi-mesh adjacency: intermesh degree histogram {0:1}; intra-mesh degree histograms mesh0 {0:1} (topology_mapper_utils.cpp:2460)
2026-10-03 02:21:38.739 | info     |       LLRuntime | Watcher log file: /work/generated/watcher/watcher.log (watcher_server.cpp:295)
2026-10-03 02:21:38.739 | info     |       LLRuntime | Watcher attached device 0 (watcher_server.cpp:132)
2026-10-03 02:21:38.739 | info     |       LLRuntime | Watcher server initialized, disabled features: None (watcher_server.cpp:556)
2026-10-03 02:21:38.739 | info     |           Metal | Watcher checking device 0 (watcher_device_reader.cpp:393)
2026-10-03 02:21:38.739 | warning  |           Metal | Dispatch telemetry SMC buffer is unavailable (dispatch_telemetry.cpp:53)
2026-10-03 02:21:38.740 | warning  |           Metal | Dispatch telemetry SMC buffer is unavailable (dispatch_telemetry.cpp:53)
2026-10-03 02:21:39.747 | info     |           Metal | Watcher checking device 0 (watcher_device_reader.cpp:393)
2026-10-03 02:21:40.541 | warning  |           Metal | Dispatch telemetry SMC buffer is unavailable (dispatch_telemetry.cpp:53)
wrote /out/probe-stage-a1.json
2026-10-03 02:21:40.563 | info     |    BuildKernels | JIT cache stats: 0/21 hits (0.0%) [0 cached, 0 build-once dedup, 0 merged artifacts, 0 merged genfiles] (build_cache_telemetry.cpp:207)
2026-10-03 02:21:40.563 | info     |    BuildKernels | JIT telemetry: 2 registered TelemetryTokens (build_cache_telemetry.cpp:230)
2026-10-03 02:21:40.563 | info     |       LLRuntime | Watcher thread stopped watching... (watcher_server.cpp:604)
2026-10-03 02:21:40.563 | info     |       LLRuntime | Watcher detached device 0 (watcher_server.cpp:190)
2026-10-03 02:21:40.567 | info     |          Device | Closing user mode device drivers (tt_cluster.cpp:513)
2026-10-03 02:21:40.567 | info     |             UMD | Closing devices in cluster (cluster.cpp:1061)
2026-10-03 02:21:40.665 | info     |             UMD | Closing devices in cluster completed. (cluster.cpp:1070)
2026-10-03 02:21:40.665 | info     |             UMD | Cluster destructor started. (cluster.cpp:778)
2026-10-03 02:21:40.665 | info     |             UMD | Cluster destructor completed. (cluster.cpp:781)
