environment -> /tmp/hekatus-two-tile-b-ec70802/out/health/env-20261003T030309Z.json
2026-10-03 03:03:10.906 | DEBUG    | ttnn:<module>:79 - Initial ttnn.CONFIG:
Config{cache_path=/root/.cache/ttnn,model_cache_path=/root/.cache/ttnn/models,tmp_dir=/tmp/ttnn,enable_model_cache=false,enable_fast_runtime_mode=true,throw_exception_on_fallback=false,enable_logging=false,enable_graph_report=false,enable_graph_python_stack_traces=false,enable_detailed_buffer_report=false,enable_detailed_tensor_report=false,enable_comparison_mode=false,comparison_mode_should_raise_exception=false,comparison_mode_pcc=0.9999,root_report_path=generated/ttnn/reports,report_name=std::nullopt,std::nullopt}
2026-10-03 03:03:10.978 | info     |          Device | Opening user mode device driver (tt_cluster.cpp:228)
2026-10-03 03:03:10.978 | info     |             UMD | Cluster constructor started. (cluster.cpp:348)
2026-10-03 03:03:10.978 | info     |             UMD | Creating TopologyDiscovery for architecture: blackhole (topology_discovery.cpp:95)
2026-10-03 03:03:10.978 | info     |             UMD | Starting topology discovery. (topology_discovery.cpp:114)
2026-10-03 03:03:10.981 | info     |             UMD | Established firmware bundle version: 19.6.0 (topology_discovery.cpp:574)
2026-10-03 03:03:10.982 | info     |             UMD | Completed topology discovery. (topology_discovery.cpp:118)
2026-10-03 03:03:11.037 | warning  |             UMD | hwloc_set_area_membind(): failed for physical_device_id: 0 on NodeSet: [0] with errno: Operation not permitted (pid: 27 tid: 125029475788608) (cpuset_lib.cpp:440)
2026-10-03 03:03:11.037 | warning  |             UMD | ---- ttSiliconDevice::init_hugepage: bind_area_to_memory_nodeset() failed (physical_device_id: 0 ch: 0). Hugepage allocation is not on NumaNode matching TT Device. Side-Effect is decreased Device->Host perf (Issue #893). (silicon_sysmem_manager.cpp:271)
2026-10-03 03:03:11.038 | info     |             UMD | Opening local chip ids/PCIe ids: {0}/[0] and remote chip ids {} (cluster.cpp:168)
2026-10-03 03:03:11.038 | info     |             UMD | IOMMU: disabled (cluster.cpp:142)
2026-10-03 03:03:11.038 | info     |             UMD | KMD version: 2.11.0 (cluster.cpp:145)
2026-10-03 03:03:11.038 | info     |             UMD | Cluster constructor completed. (cluster.cpp:544)
2026-10-03 03:03:11.039 | info     |             UMD | Starting devices in cluster (cluster.cpp:1048)
2026-10-03 03:03:11.140 | info     |             UMD | Starting devices in cluster completed. (cluster.cpp:1056)
2026-10-03 03:03:11.217 | info     |     Distributed | Using auto discovery to generate mesh graph. (metal_env.cpp:405)
2026-10-03 03:03:11.217 | info     |     Distributed | Constructing control plane using auto-discovery (no mesh graph descriptor). (metal_env.cpp:467)
2026-10-03 03:03:11.218 | warning  |          Always | Unknown motherboard 'TUF GAMING Z790-PLUS WIFI D4' for chip_id=0 (bus_id=0x6) — falling back to bus_id as tray_id. Add this motherboard and its bus IDs to mobo_to_bus_ids in physical_system_discovery.cpp. (physical_system_discovery.cpp:112)
2026-10-03 03:03:11.218 | info     |          Fabric | Logical multi-mesh adjacency: intermesh degree histogram {0:1}; intra-mesh degree histograms mesh0 {0:1} (topology_mapper_utils.cpp:2452)
2026-10-03 03:03:11.218 | info     |          Fabric | Physical multi-mesh adjacency: intermesh degree histogram {0:1}; intra-mesh degree histograms mesh0 {0:1} (topology_mapper_utils.cpp:2460)
2026-10-03 03:03:11.869 | info     |       LLRuntime | Watcher log file: /work/generated/watcher/watcher.log (watcher_server.cpp:295)
2026-10-03 03:03:11.869 | info     |       LLRuntime | Watcher attached device 0 (watcher_server.cpp:132)
2026-10-03 03:03:11.869 | info     |       LLRuntime | Watcher server initialized, disabled features: None (watcher_server.cpp:556)
2026-10-03 03:03:11.869 | info     |           Metal | Watcher checking device 0 (watcher_device_reader.cpp:393)
2026-10-03 03:03:11.869 | warning  |           Metal | Dispatch telemetry SMC buffer is unavailable (dispatch_telemetry.cpp:53)
2026-10-03 03:03:11.869 | warning  |           Metal | Dispatch telemetry SMC buffer is unavailable (dispatch_telemetry.cpp:53)
2026-10-03 03:03:12.877 | info     |           Metal | Watcher checking device 0 (watcher_device_reader.cpp:393)
Building trisc2, compile step:
cd /root/.cache/tt-metal-cache/7394061245831188638/kernels/bringup_real_compute/3968177922186124246/trisc2/ && /opt/tenstorrent/sfpi/compiler/bin/riscv-tt-elf-g++ -O3 -std=c++17 -ftt-nttp -ftt-constinit -ftt-consteval -ftt-no-dyninit -flto=auto -ffast-math -fno-exceptions -fno-rtti -fno-use-cxa-atexit -g -MMD -Wall -Werror -Wno-error=deprecated-declarations -Wno-error=multistatement-macros -Wno-error=parentheses -Wno-error=unused-but-set-variable -Wno-unused-variable -Wno-unused-function -mcpu=tt-bh-tensix -I. -I.. -I/opt/venv/lib/python3.12/site-packages/ttnn/ -I/opt/venv/lib/python3.12/site-packages/ttnn/ttnn -I/opt/venv/lib/python3.12/site-packages/ttnn/ttnn/cpp -I/opt/venv/lib/python3.12/site-packages/ttnn/tt_metal -I/opt/venv/lib/python3.12/site-packages/ttnn/tt_metal/hw/inc -I/opt/venv/lib/python3.12/site-packages/ttnn/tt_metal/tt-llk/common -I/opt/venv/lib/python3.12/site-packages/ttnn/tt_metal/hostdevcommon/api -I/opt/venv/lib/python3.12/site-packages/ttnn/tt_metal/api/ -I/opt/tenstorrent/sfpi/include -I/opt/venv/lib/python3.12/site-packages/ttnn/tt_metal/hw/ckernels/blackhole/metal/common -I/opt/venv/lib/python3.12/site-packages/ttnn/tt_metal/hw/ckernels/blackhole/metal/llk_io -I/opt/venv/lib/python3.12/site-packages/ttnn/tt_metal/hw/inc/internal/tt-1xx -I/opt/venv/lib/python3.12/site-packages/ttnn/tt_metal/hw/inc/internal/tt-1xx/blackhole -I/opt/venv/lib/python3.12/site-packages/ttnn/tt_metal/hw/inc/internal/tt-1xx/blackhole/blackhole_defines -I/opt/venv/lib/python3.12/site-packages/ttnn/tt_metal/hw/inc/internal/tt-1xx/blackhole/noc -I/opt/venv/lib/python3.12/site-packages/ttnn/tt_metal/tt-llk/tt_llk_blackhole/common/inc -I/opt/venv/lib/python3.12/site-packages/ttnn/tt_metal/tt-llk/tt_llk_blackhole/llk_lib -I/opt/venv/lib/python3.12/site-packages/ttnn/tt_metal/hw/ckernels/blackhole/metal/llk_api -I/opt/venv/lib/python3.12/site-packages/ttnn/tt_metal/hw/ckernels/blackhole/metal/llk_api/llk_sfpu -I/opt/venv/lib/python3.12/site-packages/ttnn/tt_metal/hw/firmware/src/tt-1xx -I/work/enodia/tt/bench/kernels -c -o /root/.cache/tt-metal-cache/7394061245831188638/kernels/bringup_real_compute/3968177922186124246/trisc2/trisck.2136113595400980364.o /opt/venv/lib/python3.12/site-packages/ttnn/tt_metal/hw/firmware/src/tt-1xx/trisck.cc -MF /root/.cache/tt-metal-cache/7394061245831188638/kernels/bringup_real_compute/3968177922186124246/trisc2/trisck.2136113595400980364.d -DIS_NOT_POW2_NUM_L1_BANKS=1 -DLOG_BASE_2_OF_NUM_DRAM_BANKS=3 -DNUM_DRAM_BANKS=8 -DNUM_L1_BANKS=110 -DPCIE_NOC_X=19 -DPCIE_NOC_Y=24 -DTENSIX_FIRMWARE -DLOCAL_MEM_EN=0 -DWATCHER_ENABLED -DPROCESSOR_INDEX=4 -DUCK_CHLKC_PACK -DCOMPILE_FOR_TRISC=2 -DARCH_BLACKHOLE -DDISPATCH_MESSAGE_ADDR=4290184248 -DKERNEL_BUILD -DFULL_KERNEL_NAME="\"bringup_real_compute/3968177922186124246/\"" -DKERNEL_COMPILE_TIME_ARGS=1 
In file included from ../chlkc_pack.cpp:3,
                 from /opt/venv/lib/python3.12/site-packages/ttnn/tt_metal/hw/ckernels/blackhole/metal/common/chlkc_list.h:21,
                 from /opt/venv/lib/python3.12/site-packages/ttnn/tt_metal/hw/firmware/src/tt-1xx/trisck.cc:13:
/work/enodia/tt/bench/kernels/bringup_real_compute.cpp: In function 'void kernel_main()':
/work/enodia/tt/bench/kernels/bringup_real_compute.cpp:30:18: warning: 'void ckernel::mm_block_init(uint32_t, uint32_t, uint32_t, uint32_t, uint32_t, uint32_t, uint32_t, uint32_t)' is deprecated: Use compute_kernel_hw_startup<SrcOrder::Reverse>(in0, in1, out) once at kernel start, then matmul_block_init(in0, in1, transpose, ct_dim, rt_dim, kt_dim). [-Wdeprecated-declarations]
   30 |     mm_block_init(cb_left, cb_right, cb_out_real, false, 1, 1, 1);
      |     ~~~~~~~~~~~~~^~~~~~~~~~~~~~~~~~~~~~~~~~~~~~~~~~~~~~~~~~~~~~~~
In file included from /work/enodia/tt/bench/kernels/bringup_real_compute.cpp:3:
/opt/venv/lib/python3.12/site-packages/ttnn/tt_metal/hw/inc/api/compute/matmul.h:393:1: note: declared here
  393 | mm_block_init(
      | ^~~~~~~~~~~~~
Building trisc0, compile step:
cd /root/.cache/tt-metal-cache/7394061245831188638/kernels/bringup_real_compute/3968177922186124246/trisc0/ && /opt/tenstorrent/sfpi/compiler/bin/riscv-tt-elf-g++ -O3 -std=c++17 -ftt-nttp -ftt-constinit -ftt-consteval -ftt-no-dyninit -flto=auto -ffast-math -fno-exceptions -fno-rtti -fno-use-cxa-atexit -g -MMD -Wall -Werror -Wno-error=deprecated-declarations -Wno-error=multistatement-macros -Wno-error=parentheses -Wno-error=unused-but-set-variable -Wno-unused-variable -Wno-unused-function -mcpu=tt-bh-tensix -I. -I.. -I/opt/venv/lib/python3.12/site-packages/ttnn/ -I/opt/venv/lib/python3.12/site-packages/ttnn/ttnn -I/opt/venv/lib/python3.12/site-packages/ttnn/ttnn/cpp -I/opt/venv/lib/python3.12/site-packages/ttnn/tt_metal -I/opt/venv/lib/python3.12/site-packages/ttnn/tt_metal/hw/inc -I/opt/venv/lib/python3.12/site-packages/ttnn/tt_metal/tt-llk/common -I/opt/venv/lib/python3.12/site-packages/ttnn/tt_metal/hostdevcommon/api -I/opt/venv/lib/python3.12/site-packages/ttnn/tt_metal/api/ -I/opt/tenstorrent/sfpi/include -I/opt/venv/lib/python3.12/site-packages/ttnn/tt_metal/hw/ckernels/blackhole/metal/common -I/opt/venv/lib/python3.12/site-packages/ttnn/tt_metal/hw/ckernels/blackhole/metal/llk_io -I/opt/venv/lib/python3.12/site-packages/ttnn/tt_metal/hw/inc/internal/tt-1xx -I/opt/venv/lib/python3.12/site-packages/ttnn/tt_metal/hw/inc/internal/tt-1xx/blackhole -I/opt/venv/lib/python3.12/site-packages/ttnn/tt_metal/hw/inc/internal/tt-1xx/blackhole/blackhole_defines -I/opt/venv/lib/python3.12/site-packages/ttnn/tt_metal/hw/inc/internal/tt-1xx/blackhole/noc -I/opt/venv/lib/python3.12/site-packages/ttnn/tt_metal/tt-llk/tt_llk_blackhole/common/inc -I/opt/venv/lib/python3.12/site-packages/ttnn/tt_metal/tt-llk/tt_llk_blackhole/llk_lib -I/opt/venv/lib/python3.12/site-packages/ttnn/tt_metal/hw/ckernels/blackhole/metal/llk_api -I/opt/venv/lib/python3.12/site-packages/ttnn/tt_metal/hw/ckernels/blackhole/metal/llk_api/llk_sfpu -I/opt/venv/lib/python3.12/site-packages/ttnn/tt_metal/hw/firmware/src/tt-1xx -I/work/enodia/tt/bench/kernels -c -o /root/.cache/tt-metal-cache/7394061245831188638/kernels/bringup_real_compute/3968177922186124246/trisc0/trisck.2136113595400980364.o /opt/venv/lib/python3.12/site-packages/ttnn/tt_metal/hw/firmware/src/tt-1xx/trisck.cc -MF /root/.cache/tt-metal-cache/7394061245831188638/kernels/bringup_real_compute/3968177922186124246/trisc0/trisck.2136113595400980364.d -DIS_NOT_POW2_NUM_L1_BANKS=1 -DLOG_BASE_2_OF_NUM_DRAM_BANKS=3 -DNUM_DRAM_BANKS=8 -DNUM_L1_BANKS=110 -DPCIE_NOC_X=19 -DPCIE_NOC_Y=24 -DTENSIX_FIRMWARE -DLOCAL_MEM_EN=0 -DWATCHER_ENABLED -DPROCESSOR_INDEX=2 -DUCK_CHLKC_UNPACK -DCOMPILE_FOR_TRISC=0 -DARCH_BLACKHOLE -DDISPATCH_MESSAGE_ADDR=4290184248 -DKERNEL_BUILD -DFULL_KERNEL_NAME="\"bringup_real_compute/3968177922186124246/\"" -DKERNEL_COMPILE_TIME_ARGS=1 
In file included from ../chlkc_unpack.cpp:3,
                 from /opt/venv/lib/python3.12/site-packages/ttnn/tt_metal/hw/ckernels/blackhole/metal/common/chlkc_list.h:26,
                 from /opt/venv/lib/python3.12/site-packages/ttnn/tt_metal/hw/firmware/src/tt-1xx/trisck.cc:13:
/work/enodia/tt/bench/kernels/bringup_real_compute.cpp: In function 'void kernel_main()':
/work/enodia/tt/bench/kernels/bringup_real_compute.cpp:30:18: warning: 'void ckernel::mm_block_init(uint32_t, uint32_t, uint32_t, uint32_t, uint32_t, uint32_t, uint32_t, uint32_t)' is deprecated: Use compute_kernel_hw_startup<SrcOrder::Reverse>(in0, in1, out) once at kernel start, then matmul_block_init(in0, in1, transpose, ct_dim, rt_dim, kt_dim). [-Wdeprecated-declarations]
   30 |     mm_block_init(cb_left, cb_right, cb_out_real, false, 1, 1, 1);
      |     ~~~~~~~~~~~~~^~~~~~~~~~~~~~~~~~~~~~~~~~~~~~~~~~~~~~~~~~~~~~~~
In file included from /work/enodia/tt/bench/kernels/bringup_real_compute.cpp:3:
/opt/venv/lib/python3.12/site-packages/ttnn/tt_metal/hw/inc/api/compute/matmul.h:393:1: note: declared here
  393 | mm_block_init(
      | ^~~~~~~~~~~~~
Building trisc1, compile step:
cd /root/.cache/tt-metal-cache/7394061245831188638/kernels/bringup_real_compute/3968177922186124246/trisc1/ && /opt/tenstorrent/sfpi/compiler/bin/riscv-tt-elf-g++ -O3 -std=c++17 -ftt-nttp -ftt-constinit -ftt-consteval -ftt-no-dyninit -flto=auto -ffast-math -fno-exceptions -fno-rtti -fno-use-cxa-atexit -g -MMD -Wall -Werror -Wno-error=deprecated-declarations -Wno-error=multistatement-macros -Wno-error=parentheses -Wno-error=unused-but-set-variable -Wno-unused-variable -Wno-unused-function -mcpu=tt-bh-tensix -I. -I.. -I/opt/venv/lib/python3.12/site-packages/ttnn/ -I/opt/venv/lib/python3.12/site-packages/ttnn/ttnn -I/opt/venv/lib/python3.12/site-packages/ttnn/ttnn/cpp -I/opt/venv/lib/python3.12/site-packages/ttnn/tt_metal -I/opt/venv/lib/python3.12/site-packages/ttnn/tt_metal/hw/inc -I/opt/venv/lib/python3.12/site-packages/ttnn/tt_metal/tt-llk/common -I/opt/venv/lib/python3.12/site-packages/ttnn/tt_metal/hostdevcommon/api -I/opt/venv/lib/python3.12/site-packages/ttnn/tt_metal/api/ -I/opt/tenstorrent/sfpi/include -I/opt/venv/lib/python3.12/site-packages/ttnn/tt_metal/hw/ckernels/blackhole/metal/common -I/opt/venv/lib/python3.12/site-packages/ttnn/tt_metal/hw/ckernels/blackhole/metal/llk_io -I/opt/venv/lib/python3.12/site-packages/ttnn/tt_metal/hw/inc/internal/tt-1xx -I/opt/venv/lib/python3.12/site-packages/ttnn/tt_metal/hw/inc/internal/tt-1xx/blackhole -I/opt/venv/lib/python3.12/site-packages/ttnn/tt_metal/hw/inc/internal/tt-1xx/blackhole/blackhole_defines -I/opt/venv/lib/python3.12/site-packages/ttnn/tt_metal/hw/inc/internal/tt-1xx/blackhole/noc -I/opt/venv/lib/python3.12/site-packages/ttnn/tt_metal/tt-llk/tt_llk_blackhole/common/inc -I/opt/venv/lib/python3.12/site-packages/ttnn/tt_metal/tt-llk/tt_llk_blackhole/llk_lib -I/opt/venv/lib/python3.12/site-packages/ttnn/tt_metal/hw/ckernels/blackhole/metal/llk_api -I/opt/venv/lib/python3.12/site-packages/ttnn/tt_metal/hw/ckernels/blackhole/metal/llk_api/llk_sfpu -I/opt/venv/lib/python3.12/site-packages/ttnn/tt_metal/hw/firmware/src/tt-1xx -I/work/enodia/tt/bench/kernels -c -o /root/.cache/tt-metal-cache/7394061245831188638/kernels/bringup_real_compute/3968177922186124246/trisc1/trisck.2136113595400980364.o /opt/venv/lib/python3.12/site-packages/ttnn/tt_metal/hw/firmware/src/tt-1xx/trisck.cc -MF /root/.cache/tt-metal-cache/7394061245831188638/kernels/bringup_real_compute/3968177922186124246/trisc1/trisck.2136113595400980364.d -DIS_NOT_POW2_NUM_L1_BANKS=1 -DLOG_BASE_2_OF_NUM_DRAM_BANKS=3 -DNUM_DRAM_BANKS=8 -DNUM_L1_BANKS=110 -DPCIE_NOC_X=19 -DPCIE_NOC_Y=24 -DTENSIX_FIRMWARE -DLOCAL_MEM_EN=0 -DWATCHER_ENABLED -DPROCESSOR_INDEX=3 -DUCK_CHLKC_MATH -DCOMPILE_FOR_TRISC=1 -DARCH_BLACKHOLE -DDISPATCH_MESSAGE_ADDR=4290184248 -DKERNEL_BUILD -DFULL_KERNEL_NAME="\"bringup_real_compute/3968177922186124246/\"" -DKERNEL_COMPILE_TIME_ARGS=1 
In file included from ../chlkc_math.cpp:3,
                 from /opt/venv/lib/python3.12/site-packages/ttnn/tt_metal/hw/ckernels/blackhole/metal/common/chlkc_list.h:16,
                 from /opt/venv/lib/python3.12/site-packages/ttnn/tt_metal/hw/firmware/src/tt-1xx/trisck.cc:13:
/work/enodia/tt/bench/kernels/bringup_real_compute.cpp: In function 'void kernel_main()':
/work/enodia/tt/bench/kernels/bringup_real_compute.cpp:30:18: warning: 'void ckernel::mm_block_init(uint32_t, uint32_t, uint32_t, uint32_t, uint32_t, uint32_t, uint32_t, uint32_t)' is deprecated: Use compute_kernel_hw_startup<SrcOrder::Reverse>(in0, in1, out) once at kernel start, then matmul_block_init(in0, in1, transpose, ct_dim, rt_dim, kt_dim). [-Wdeprecated-declarations]
   30 |     mm_block_init(cb_left, cb_right, cb_out_real, false, 1, 1, 1);
      |     ~~~~~~~~~~~~~^~~~~~~~~~~~~~~~~~~~~~~~~~~~~~~~~~~~~~~~~~~~~~~~
In file included from /work/enodia/tt/bench/kernels/bringup_real_compute.cpp:3:
/opt/venv/lib/python3.12/site-packages/ttnn/tt_metal/hw/inc/api/compute/matmul.h:393:1: note: declared here
  393 | mm_block_init(
      | ^~~~~~~~~~~~~
2026-10-03 03:03:13.732 | warning  |           Metal | Dispatch telemetry SMC buffer is unavailable (dispatch_telemetry.cpp:53)
2026-10-03 03:03:13.752 | info     |    BuildKernels | JIT cache stats: 0/21 hits (0.0%) [0 cached, 0 build-once dedup, 0 merged artifacts, 0 merged genfiles] (build_cache_telemetry.cpp:207)
2026-10-03 03:03:13.752 | info     |    BuildKernels | JIT telemetry: 2 registered TelemetryTokens (build_cache_telemetry.cpp:230)
2026-10-03 03:03:13.753 | info     |       LLRuntime | Watcher thread stopped watching... (watcher_server.cpp:604)
2026-10-03 03:03:13.753 | info     |       LLRuntime | Watcher detached device 0 (watcher_server.cpp:190)
2026-10-03 03:03:13.757 | info     |          Device | Closing user mode device drivers (tt_cluster.cpp:513)
2026-10-03 03:03:13.757 | info     |             UMD | Closing devices in cluster (cluster.cpp:1061)
2026-10-03 03:03:13.902 | info     |             UMD | Closing devices in cluster completed. (cluster.cpp:1070)
2026-10-03 03:03:13.902 | info     |             UMD | Cluster destructor started. (cluster.cpp:778)
2026-10-03 03:03:13.902 | info     |             UMD | Cluster destructor completed. (cluster.cpp:781)
{"batch": 1, "cores": 1, "elapsed_s": 0.312371111000175, "execution_policy": {"external_timeout_command": ["timeout", "60s"], "external_timeout_enforced_by": "caller", "external_timeout_s": 60, "watcher": {"enabled": true, "value": "1"}}, "external_timeout_command": ["timeout", "60s"], "external_timeout_enforced_by": "caller", "external_timeout_s": 60, "finite": true, "name": "real_one_tile", "numerical_error": 0.004564372822642326, "stage": 1, "status": "pass", "tile_shape": [32, 32], "tolerance": 0.01, "watcher": {"enabled": true, "value": "1"}}

results     -> /tmp/hekatus-two-tile-b-ec70802/out/health/results-20261003T030309Z.json
power trace -> /tmp/hekatus-two-tile-b-ec70802/out/health/power-20261003T030309Z.csv
