environment -> /tmp/hekatus-two-tile-b-ec70802/out/b/env-20261003T030051Z.json
2026-10-03 03:00:51.977 | DEBUG    | ttnn:<module>:79 - Initial ttnn.CONFIG:
Config{cache_path=/root/.cache/ttnn,model_cache_path=/root/.cache/ttnn/models,tmp_dir=/tmp/ttnn,enable_model_cache=false,enable_fast_runtime_mode=true,throw_exception_on_fallback=false,enable_logging=false,enable_graph_report=false,enable_graph_python_stack_traces=false,enable_detailed_buffer_report=false,enable_detailed_tensor_report=false,enable_comparison_mode=false,comparison_mode_should_raise_exception=false,comparison_mode_pcc=0.9999,root_report_path=generated/ttnn/reports,report_name=std::nullopt,std::nullopt}
2026-10-03 03:00:52.039 | info     |          Device | Opening user mode device driver (tt_cluster.cpp:228)
2026-10-03 03:00:52.039 | info     |             UMD | Cluster constructor started. (cluster.cpp:348)
2026-10-03 03:00:52.039 | info     |             UMD | Creating TopologyDiscovery for architecture: blackhole (topology_discovery.cpp:95)
2026-10-03 03:00:52.039 | info     |             UMD | Starting topology discovery. (topology_discovery.cpp:114)
2026-10-03 03:00:52.043 | info     |             UMD | Established firmware bundle version: 19.6.0 (topology_discovery.cpp:574)
2026-10-03 03:00:52.043 | info     |             UMD | Completed topology discovery. (topology_discovery.cpp:118)
2026-10-03 03:00:52.098 | warning  |             UMD | hwloc_set_area_membind(): failed for physical_device_id: 0 on NodeSet: [0] with errno: Operation not permitted (pid: 1 tid: 137822395344704) (cpuset_lib.cpp:440)
2026-10-03 03:00:52.098 | warning  |             UMD | ---- ttSiliconDevice::init_hugepage: bind_area_to_memory_nodeset() failed (physical_device_id: 0 ch: 0). Hugepage allocation is not on NumaNode matching TT Device. Side-Effect is decreased Device->Host perf (Issue #893). (silicon_sysmem_manager.cpp:271)
2026-10-03 03:00:52.098 | info     |             UMD | Opening local chip ids/PCIe ids: {0}/[0] and remote chip ids {} (cluster.cpp:168)
2026-10-03 03:00:52.098 | info     |             UMD | IOMMU: disabled (cluster.cpp:142)
2026-10-03 03:00:52.098 | info     |             UMD | KMD version: 2.11.0 (cluster.cpp:145)
2026-10-03 03:00:52.098 | info     |             UMD | Cluster constructor completed. (cluster.cpp:544)
2026-10-03 03:00:52.099 | info     |             UMD | Starting devices in cluster (cluster.cpp:1048)
2026-10-03 03:00:52.164 | info     |             UMD | Starting devices in cluster completed. (cluster.cpp:1056)
2026-10-03 03:00:52.243 | info     |     Distributed | Using auto discovery to generate mesh graph. (metal_env.cpp:405)
2026-10-03 03:00:52.243 | info     |     Distributed | Constructing control plane using auto-discovery (no mesh graph descriptor). (metal_env.cpp:467)
2026-10-03 03:00:52.243 | warning  |          Always | Unknown motherboard 'TUF GAMING Z790-PLUS WIFI D4' for chip_id=0 (bus_id=0x6) — falling back to bus_id as tray_id. Add this motherboard and its bus IDs to mobo_to_bus_ids in physical_system_discovery.cpp. (physical_system_discovery.cpp:112)
2026-10-03 03:00:52.243 | info     |          Fabric | Logical multi-mesh adjacency: intermesh degree histogram {0:1}; intra-mesh degree histograms mesh0 {0:1} (topology_mapper_utils.cpp:2452)
2026-10-03 03:00:52.243 | info     |          Fabric | Physical multi-mesh adjacency: intermesh degree histogram {0:1}; intra-mesh degree histograms mesh0 {0:1} (topology_mapper_utils.cpp:2460)
2026-10-03 03:00:52.846 | info     |       LLRuntime | Watcher log file: /work/generated/watcher/watcher.log (watcher_server.cpp:295)
2026-10-03 03:00:52.846 | info     |       LLRuntime | Watcher attached device 0 (watcher_server.cpp:132)
2026-10-03 03:00:52.846 | info     |       LLRuntime | Watcher server initialized, disabled features: None (watcher_server.cpp:556)
2026-10-03 03:00:52.846 | info     |           Metal | Watcher checking device 0 (watcher_device_reader.cpp:393)
2026-10-03 03:00:52.846 | warning  |           Metal | Dispatch telemetry SMC buffer is unavailable (dispatch_telemetry.cpp:53)
2026-10-03 03:00:52.847 | warning  |           Metal | Dispatch telemetry SMC buffer is unavailable (dispatch_telemetry.cpp:53)
2026-10-03 03:00:53.854 | info     |           Metal | Watcher checking device 0 (watcher_device_reader.cpp:393)
2026-10-03 03:00:54.865 | info     |           Metal | Watcher checking device 0 (watcher_device_reader.cpp:393)
2026-10-03 03:00:55.873 | info     |           Metal | Watcher checking device 0 (watcher_device_reader.cpp:393)
2026-10-03 03:00:56.881 | info     |           Metal | Watcher checking device 0 (watcher_device_reader.cpp:393)
2026-10-03 03:00:57.888 | info     |           Metal | Watcher checking device 0 (watcher_device_reader.cpp:393)
2026-10-03 03:00:58.896 | info     |           Metal | Watcher checking device 0 (watcher_device_reader.cpp:393)
2026-10-03 03:00:59.904 | info     |           Metal | Watcher checking device 0 (watcher_device_reader.cpp:393)
2026-10-03 03:01:00.912 | info     |           Metal | Watcher checking device 0 (watcher_device_reader.cpp:393)
2026-10-03 03:01:01.919 | info     |           Metal | Watcher checking device 0 (watcher_device_reader.cpp:393)
2026-10-03 03:01:02.927 | info     |           Metal | Watcher checking device 0 (watcher_device_reader.cpp:393)
2026-10-03 03:01:03.935 | info     |           Metal | Watcher checking device 0 (watcher_device_reader.cpp:393)
2026-10-03 03:01:04.942 | info     |           Metal | Watcher checking device 0 (watcher_device_reader.cpp:393)
2026-10-03 03:01:05.950 | info     |           Metal | Watcher checking device 0 (watcher_device_reader.cpp:393)
2026-10-03 03:01:06.958 | info     |           Metal | Watcher checking device 0 (watcher_device_reader.cpp:393)
2026-10-03 03:01:07.966 | info     |           Metal | Watcher checking device 0 (watcher_device_reader.cpp:393)
2026-10-03 03:01:08.973 | info     |           Metal | Watcher checking device 0 (watcher_device_reader.cpp:393)
2026-10-03 03:01:09.981 | info     |           Metal | Watcher checking device 0 (watcher_device_reader.cpp:393)
2026-10-03 03:01:10.989 | info     |           Metal | Watcher checking device 0 (watcher_device_reader.cpp:393)
2026-10-03 03:01:11.997 | info     |           Metal | Watcher checking device 0 (watcher_device_reader.cpp:393)
2026-10-03 03:01:13.004 | info     |           Metal | Watcher checking device 0 (watcher_device_reader.cpp:393)
2026-10-03 03:01:14.013 | info     |           Metal | Watcher checking device 0 (watcher_device_reader.cpp:393)
2026-10-03 03:01:15.020 | info     |           Metal | Watcher checking device 0 (watcher_device_reader.cpp:393)
2026-10-03 03:01:16.028 | info     |           Metal | Watcher checking device 0 (watcher_device_reader.cpp:393)
2026-10-03 03:01:17.036 | info     |           Metal | Watcher checking device 0 (watcher_device_reader.cpp:393)
2026-10-03 03:01:18.043 | info     |           Metal | Watcher checking device 0 (watcher_device_reader.cpp:393)
2026-10-03 03:01:19.051 | info     |           Metal | Watcher checking device 0 (watcher_device_reader.cpp:393)
2026-10-03 03:01:20.059 | info     |           Metal | Watcher checking device 0 (watcher_device_reader.cpp:393)
2026-10-03 03:01:21.067 | info     |           Metal | Watcher checking device 0 (watcher_device_reader.cpp:393)
2026-10-03 03:01:22.074 | info     |           Metal | Watcher checking device 0 (watcher_device_reader.cpp:393)
2026-10-03 03:01:23.082 | info     |           Metal | Watcher checking device 0 (watcher_device_reader.cpp:393)
2026-10-03 03:01:24.090 | info     |           Metal | Watcher checking device 0 (watcher_device_reader.cpp:393)
2026-10-03 03:01:25.098 | info     |           Metal | Watcher checking device 0 (watcher_device_reader.cpp:393)
2026-10-03 03:01:26.106 | info     |           Metal | Watcher checking device 0 (watcher_device_reader.cpp:393)
2026-10-03 03:01:27.113 | info     |           Metal | Watcher checking device 0 (watcher_device_reader.cpp:393)
2026-10-03 03:01:28.121 | info     |           Metal | Watcher checking device 0 (watcher_device_reader.cpp:393)
2026-10-03 03:01:29.129 | info     |           Metal | Watcher checking device 0 (watcher_device_reader.cpp:393)
2026-10-03 03:01:30.136 | info     |           Metal | Watcher checking device 0 (watcher_device_reader.cpp:393)
2026-10-03 03:01:31.144 | info     |           Metal | Watcher checking device 0 (watcher_device_reader.cpp:393)
2026-10-03 03:01:32.152 | info     |           Metal | Watcher checking device 0 (watcher_device_reader.cpp:393)
2026-10-03 03:01:33.160 | info     |           Metal | Watcher checking device 0 (watcher_device_reader.cpp:393)
2026-10-03 03:01:34.168 | info     |           Metal | Watcher checking device 0 (watcher_device_reader.cpp:393)
2026-10-03 03:01:35.176 | info     |           Metal | Watcher checking device 0 (watcher_device_reader.cpp:393)
2026-10-03 03:01:36.184 | info     |           Metal | Watcher checking device 0 (watcher_device_reader.cpp:393)
2026-10-03 03:01:37.191 | info     |           Metal | Watcher checking device 0 (watcher_device_reader.cpp:393)
2026-10-03 03:01:38.200 | info     |           Metal | Watcher checking device 0 (watcher_device_reader.cpp:393)
2026-10-03 03:01:39.207 | info     |           Metal | Watcher checking device 0 (watcher_device_reader.cpp:393)
2026-10-03 03:01:40.215 | info     |           Metal | Watcher checking device 0 (watcher_device_reader.cpp:393)
2026-10-03 03:01:41.222 | info     |           Metal | Watcher checking device 0 (watcher_device_reader.cpp:393)
2026-10-03 03:01:42.230 | info     |           Metal | Watcher checking device 0 (watcher_device_reader.cpp:393)
2026-10-03 03:01:43.238 | info     |           Metal | Watcher checking device 0 (watcher_device_reader.cpp:393)
2026-10-03 03:01:44.246 | info     |           Metal | Watcher checking device 0 (watcher_device_reader.cpp:393)
2026-10-03 03:01:45.254 | info     |           Metal | Watcher checking device 0 (watcher_device_reader.cpp:393)
2026-10-03 03:01:46.261 | info     |           Metal | Watcher checking device 0 (watcher_device_reader.cpp:393)
2026-10-03 03:01:47.269 | info     |           Metal | Watcher checking device 0 (watcher_device_reader.cpp:393)
2026-10-03 03:01:48.277 | info     |           Metal | Watcher checking device 0 (watcher_device_reader.cpp:393)
2026-10-03 03:01:49.285 | info     |           Metal | Watcher checking device 0 (watcher_device_reader.cpp:393)
2026-10-03 03:01:50.292 | info     |           Metal | Watcher checking device 0 (watcher_device_reader.cpp:393)
2026-10-03 03:01:51.300 | info     |           Metal | Watcher checking device 0 (watcher_device_reader.cpp:393)
2026-10-03 03:01:52.308 | info     |           Metal | Watcher checking device 0 (watcher_device_reader.cpp:393)
2026-10-03 03:01:53.316 | info     |           Metal | Watcher checking device 0 (watcher_device_reader.cpp:393)
2026-10-03 03:01:54.323 | info     |           Metal | Watcher checking device 0 (watcher_device_reader.cpp:393)
2026-10-03 03:01:55.332 | info     |           Metal | Watcher checking device 0 (watcher_device_reader.cpp:393)
2026-10-03 03:01:56.340 | info     |           Metal | Watcher checking device 0 (watcher_device_reader.cpp:393)
./enodia/tt/bench/run_in_container.sh: 203 行: 35360 強制終了            timeout --signal=TERM --kill-after=5s "${CONTAINER_TIMEOUT_S}s" docker run --rm --name "${CONTAINER_NAME}" --device "${DEVICE_NODE}" -v /dev/hugepages-1G:/dev/hugepages-1G -v "${REPO_ROOT}:/work" -v "${OUT_DIR}:/out" -w /work -e PYTHONPATH=/work "${WATCHER_ENV[@]}" --entrypoint python3 "${IMAGE}" "${RUNNER}" "$@"
